Info: Starting: Create block symbol file (.bsf)
Info: qsys-generate C:\Users\Administrator\Desktop\ram_32_131.qsys --block-symbol-file --output-directory=C:\Users\Administrator\Desktop\ram_32_131 --family="Arria 10" --part=10AX048H2F34E2SG
Progress: Loading Desktop/ram_32_131.qsys
Progress: Reading input file
Progress: Adding ram_2port_0 [ram_2port 15.0]
Progress: Parameterizing module ram_2port_0
Progress: Building connections
Progress: Parameterizing connections
Progress: Validating
Progress: Done reading input file
: ram_32_131.ram_2port_0: Targeting device family: Arria 10.
Info: ip-generate succeeded.
Info: Finished: Create block symbol file (.bsf)
Info: 
Info: Starting: Create HDL design files for synthesis
Info: qsys-generate C:\Users\Administrator\Desktop\ram_32_131.qsys --synthesis=VERILOG --output-directory=C:\Users\Administrator\Desktop\ram_32_131 --family="Arria 10" --part=10AX048H2F34E2SG
Progress: Loading Desktop/ram_32_131.qsys
Progress: Reading input file
Progress: Adding ram_2port_0 [ram_2port 15.0]
Progress: Parameterizing module ram_2port_0
Progress: Building connections
Progress: Parameterizing connections
Progress: Validating
Progress: Done reading input file
: ram_32_131.ram_2port_0: Targeting device family: Arria 10.
Info: ram_32_131: "Transforming system: ram_32_131"
Info: ram_32_131: Running transform generation_view_transform
Info: ram_32_131: Running transform generation_view_transform took 0.000s
Info: ram_2port_0: Running transform generation_view_transform
Info: ram_2port_0: Running transform generation_view_transform took 0.000s
Info: ram_32_131: Running transform merlin_avalon_transform
Info: ram_32_131: Running transform merlin_avalon_transform took 0.087s
Info: ram_32_131: "Naming system components in system: ram_32_131"
Info: ram_32_131: "Processing generation queue"
Info: ram_32_131: "Generating: ram_32_131"
Info: ram_32_131: "Generating: ram_32_131_ram_2port_150_evjlkiq"
Info: ram_32_131: Done "ram_32_131" with 2 modules, 3 files
Info: ip-generate succeeded.
Info: Finished: Create HDL design files for synthesis
