Info: Starting: Create block symbol file (.bsf)
Info: qsys-generate C:\Users\Administrator\Desktop\asdprf16x8_rq.qsys --block-symbol-file --output-directory=C:\Users\Administrator\Desktop\asdprf16x8_rq --family="Arria 10" --part=10AX048H2F34E2SG
Progress: Loading Desktop/asdprf16x8_rq.qsys
Progress: Reading input file
Progress: Adding ram_2port_0 [ram_2port 15.0]
Progress: Parameterizing module ram_2port_0
Progress: Building connections
Progress: Parameterizing connections
Progress: Validating
Progress: Done reading input file
: asdprf16x8_rq.ram_2port_0: Targeting device family: Arria 10.
: asdprf16x8_rq.ram_2port_0: Tab Output1 is unavailable while using 'Dual clock: use separate read and write clocks'.
: asdprf16x8_rq.ram_2port_0: Tab Output2 is unavailable while using one read port and one write port.
Info: ip-generate succeeded.
Info: Finished: Create block symbol file (.bsf)
Info: 
Info: Starting: Create HDL design files for synthesis
Info: qsys-generate C:\Users\Administrator\Desktop\asdprf16x8_rq.qsys --synthesis=VERILOG --output-directory=C:\Users\Administrator\Desktop\asdprf16x8_rq --family="Arria 10" --part=10AX048H2F34E2SG
Progress: Loading Desktop/asdprf16x8_rq.qsys
Progress: Reading input file
Progress: Adding ram_2port_0 [ram_2port 15.0]
Progress: Parameterizing module ram_2port_0
Progress: Building connections
Progress: Parameterizing connections
Progress: Validating
Progress: Done reading input file
: asdprf16x8_rq.ram_2port_0: Targeting device family: Arria 10.
: asdprf16x8_rq.ram_2port_0: Tab Output1 is unavailable while using 'Dual clock: use separate read and write clocks'.
: asdprf16x8_rq.ram_2port_0: Tab Output2 is unavailable while using one read port and one write port.
Info: asdprf16x8_rq: "Transforming system: asdprf16x8_rq"
Info: asdprf16x8_rq: Running transform generation_view_transform
Info: asdprf16x8_rq: Running transform generation_view_transform took 0.000s
Info: ram_2port_0: Running transform generation_view_transform
Info: ram_2port_0: Running transform generation_view_transform took 0.000s
Info: asdprf16x8_rq: Running transform merlin_avalon_transform
Info: asdprf16x8_rq: Running transform merlin_avalon_transform took 0.083s
Info: asdprf16x8_rq: "Naming system components in system: asdprf16x8_rq"
Info: asdprf16x8_rq: "Processing generation queue"
Info: asdprf16x8_rq: "Generating: asdprf16x8_rq"
Info: asdprf16x8_rq: "Generating: asdprf16x8_rq_ram_2port_150_e3awfyy"
Info: asdprf16x8_rq: Done "asdprf16x8_rq" with 2 modules, 3 files
Info: ip-generate succeeded.
Info: Finished: Create HDL design files for synthesis
